# serializer version: 1
# name: TestGemini_AIStandard.test_serdes[serialized]
  dict({
    'id': list([
      'langchain',
      'chat_models',
      'vertexai',
      'ChatVertexAI',
    ]),
    'kwargs': dict({
      'default_metadata': list([
      ]),
      'endpoint_version': 'v1beta1',
      'location': 'us-central1',
      'max_output_tokens': 100,
      'max_retries': 2,
      'model_kwargs': dict({
        'api_key': 'test',
      }),
      'model_name': 'gemini-2.5-pro',
      'n': 1,
      'project': 'test-proj',
      'request_parallelism': 5,
      'stop': list([
      ]),
      'temperature': 0.0,
      'timeout': 60.0,
    }),
    'lc': 1,
    'name': 'ChatVertexAI',
    'type': 'constructor',
  })
# ---
