# serializer version: 1
# name: TestGeminiAIStandard.test_serdes[serialized]
  dict({
    'id': list([
      'langchain_google_genai',
      'chat_models',
      'ChatGoogleGenerativeAI',
    ]),
    'kwargs': dict({
      'default_metadata': list([
      ]),
      'google_api_key': dict({
        'id': list([
          'GOOGLE_API_KEY',
        ]),
        'lc': 1,
        'type': 'secret',
      }),
      'max_output_tokens': 100,
      'max_retries': 2,
      'model': 'gemini-2.5-flash',
      'n': 1,
      'profile': dict({
        'audio_inputs': True,
        'audio_outputs': False,
        'image_inputs': True,
        'image_outputs': False,
        'image_tool_message': True,
        'image_url_inputs': True,
        'max_input_tokens': 1048576,
        'max_output_tokens': 65536,
        'pdf_inputs': True,
        'reasoning_output': True,
        'structured_output': True,
        'tool_calling': True,
        'tool_choice': True,
        'video_inputs': True,
        'video_outputs': False,
      }),
      'stop': list([
      ]),
      'temperature': 0.0,
      'timeout': 60.0,
    }),
    'lc': 1,
    'name': 'ChatGoogleGenerativeAI',
    'type': 'constructor',
  })
# ---
